\BOOKMARK [1][-]{section.1}{\376\377\000B\000a\000c\000k\000g\000r\000o\000u\000n\000d\000\040\000t\000o\000\040\000t\000h\000e\000\040\000S\000t\000u\000d\000y}{}% 1
\BOOKMARK [2][-]{subsection.1.1}{\376\377\000T\000h\000e\000\040\000G\000l\000o\000b\000a\000l\000\040\000I\000m\000p\000e\000r\000a\000t\000i\000v\000e\000\040\000f\000o\000r\000\040\000D\000y\000n\000a\000m\000i\000c\000\040\000C\000r\000e\000d\000i\000t\000\040\000R\000i\000s\000k\000\040\000M\000o\000d\000e\000l\000i\000n\000g}{section.1}% 2
\BOOKMARK [2][-]{subsection.1.2}{\376\377\000C\000l\000i\000m\000a\000t\000e\000\040\000R\000i\000s\000k\000\040\000a\000n\000d\000\040\000M\000i\000c\000r\000o\000f\000i\000n\000a\000n\000c\000e\000\040\000V\000u\000l\000n\000e\000r\000a\000b\000i\000l\000i\000t\000y\000\040\000i\000n\000\040\000Z\000i\000m\000b\000a\000b\000w\000e}{section.1}% 3
\BOOKMARK [2][-]{subsection.1.3}{\376\377\000L\000i\000m\000i\000t\000a\000t\000i\000o\000n\000s\000\040\000o\000f\000\040\000C\000u\000r\000r\000e\000n\000t\000\040\000C\000r\000e\000d\000i\000t\000\040\000R\000i\000s\000k\000\040\000M\000o\000d\000e\000l\000s}{section.1}% 4
\BOOKMARK [2][-]{subsection.1.4}{\376\377\000T\000h\000e\000\040\000M\000e\000t\000h\000o\000d\000o\000l\000o\000g\000i\000c\000a\000l\000\040\000G\000a\000p\000\040\000a\000n\000d\000\040\000P\000r\000o\000p\000o\000s\000e\000d\000\040\000S\000o\000l\000u\000t\000i\000o\000n}{section.1}% 5
\BOOKMARK [1][-]{section.2}{\376\377\000S\000t\000a\000t\000e\000m\000e\000n\000t\000\040\000o\000f\000\040\000t\000h\000e\000\040\000P\000r\000o\000b\000l\000e\000m}{}% 6
\BOOKMARK [1][-]{section.3}{\376\377\000R\000e\000s\000e\000a\000r\000c\000h\000\040\000O\000b\000j\000e\000c\000t\000i\000v\000e\000s}{}% 7
\BOOKMARK [1][-]{section.4}{\376\377\000R\000e\000s\000e\000a\000r\000c\000h\000\040\000Q\000u\000e\000s\000t\000i\000o\000n\000s}{}% 8
\BOOKMARK [1][-]{section.5}{\376\377\000R\000e\000s\000e\000a\000r\000c\000h\000\040\000H\000y\000p\000o\000t\000h\000e\000s\000i\000s}{}% 9
\BOOKMARK [2][-]{subsection.5.1}{\376\377\000N\000u\000l\000l\000\040\000H\000y\000p\000o\000t\000h\000e\000s\000i\000s\000\040\000\050\000H\0000\000\051}{section.5}% 10
\BOOKMARK [2][-]{subsection.5.2}{\376\377\000A\000l\000t\000e\000r\000n\000a\000t\000i\000v\000e\000\040\000H\000y\000p\000o\000t\000h\000e\000s\000i\000s\000\040\000\050\000H\0001\000\051}{section.5}% 11
\BOOKMARK [1][-]{section.6}{\376\377\000S\000i\000g\000n\000i\000f\000i\000c\000a\000n\000c\000e\000\040\000o\000f\000\040\000t\000h\000e\000\040\000S\000t\000u\000d\000y}{}% 12
\BOOKMARK [2][-]{subsection.6.1}{\376\377\000A\000c\000a\000d\000e\000m\000i\000c\000\040\000C\000o\000n\000t\000r\000i\000b\000u\000t\000i\000o\000n}{section.6}% 13
\BOOKMARK [2][-]{subsection.6.2}{\376\377\000P\000r\000a\000c\000t\000i\000c\000a\000l\000\040\000C\000o\000n\000t\000r\000i\000b\000u\000t\000i\000o\000n}{section.6}% 14
\BOOKMARK [2][-]{subsection.6.3}{\376\377\000P\000o\000l\000i\000c\000y\000\040\000I\000m\000p\000l\000i\000c\000a\000t\000i\000o\000n\000s}{section.6}% 15
\BOOKMARK [1][-]{section.7}{\376\377\000S\000c\000o\000p\000e\000\040\000o\000f\000\040\000t\000h\000e\000\040\000S\000t\000u\000d\000y}{}% 16
\BOOKMARK [2][-]{subsection.7.1}{\376\377\000G\000e\000o\000g\000r\000a\000p\000h\000i\000c\000\040\000S\000c\000o\000p\000e}{section.7}% 17
\BOOKMARK [2][-]{subsection.7.2}{\376\377\000T\000e\000m\000p\000o\000r\000a\000l\000\040\000S\000c\000o\000p\000e}{section.7}% 18
\BOOKMARK [2][-]{subsection.7.3}{\376\377\000M\000o\000d\000e\000l\000i\000n\000g\000\040\000F\000r\000a\000m\000e\000w\000o\000r\000k}{section.7}% 19
\BOOKMARK [2][-]{subsection.7.4}{\376\377\000P\000r\000o\000d\000u\000c\000t\000\040\000F\000o\000c\000u\000s}{section.7}% 20
\BOOKMARK [2][-]{subsection.7.5}{\376\377\000C\000o\000m\000p\000a\000r\000a\000t\000i\000v\000e\000\040\000A\000n\000a\000l\000y\000s\000i\000s}{section.7}% 21
\BOOKMARK [1][-]{section.8}{\376\377\000A\000s\000s\000u\000m\000p\000t\000i\000o\000n\000s\000\040\000o\000f\000\040\000t\000h\000e\000\040\000S\000t\000u\000d\000y}{}% 22
\BOOKMARK [1][-]{section.9}{\376\377\000L\000i\000m\000i\000t\000a\000t\000i\000o\000n\000s\000\040\000o\000f\000\040\000t\000h\000e\000\040\000S\000t\000u\000d\000y}{}% 23
\BOOKMARK [1][-]{section.10}{\376\377\000O\000r\000g\000a\000n\000i\000z\000a\000t\000i\000o\000n\000\040\000o\000f\000\040\000t\000h\000e\000\040\000S\000t\000u\000d\000y}{}% 24
\BOOKMARK [1][-]{section.11}{\376\377\000C\000h\000a\000p\000t\000e\000r\000\040\000S\000u\000m\000m\000a\000r\000y}{}% 25
\BOOKMARK [1][-]{section.1}{\376\377\000I\000n\000t\000r\000o\000d\000u\000c\000t\000i\000o\000n}{}% 26
\BOOKMARK [1][-]{section.2}{\376\377\000C\000o\000n\000c\000e\000p\000t\000u\000a\000l\000\040\000F\000r\000a\000m\000e\000w\000o\000r\000k}{}% 27
\BOOKMARK [2][-]{subsection.2.1}{\376\377\000D\000e\000p\000e\000n\000d\000e\000n\000t\000\040\000V\000a\000r\000i\000a\000b\000l\000e\000:\000\040\000E\000x\000p\000e\000c\000t\000e\000d\000\040\000C\000r\000e\000d\000i\000t\000\040\000L\000o\000s\000s\000\040\000\050\000E\000C\000L\000\051}{section.2}% 28
\BOOKMARK [2][-]{subsection.2.2}{\376\377\000I\000n\000d\000e\000p\000e\000n\000d\000e\000n\000t\000\040\000V\000a\000r\000i\000a\000b\000l\000e\000s}{section.2}% 29
\BOOKMARK [3][-]{subsubsection.2.2.1}{\376\377\000D\000r\000o\000u\000g\000h\000t\000\040\000I\000n\000d\000e\000x\000\040\000\050\000\051}{subsection.2.2}% 30
\BOOKMARK [3][-]{subsubsection.2.2.2}{\376\377\000C\000r\000e\000d\000i\000t\000\040\000M\000i\000g\000r\000a\000t\000i\000o\000n\000\040\000M\000a\000t\000r\000i\000x}{subsection.2.2}% 31
\BOOKMARK [3][-]{subsubsection.2.2.3}{\376\377\000R\000e\000g\000i\000m\000e\000-\000S\000w\000i\000t\000c\000h\000i\000n\000g\000\040\000M\000e\000c\000h\000a\000n\000i\000s\000m}{subsection.2.2}% 32
\BOOKMARK [1][-]{section.3}{\376\377\000T\000h\000e\000o\000r\000e\000t\000i\000c\000a\000l\000\040\000L\000i\000t\000e\000r\000a\000t\000u\000r\000e}{}% 33
\BOOKMARK [2][-]{subsection.3.1}{\376\377\000C\000r\000e\000d\000i\000t\000\040\000R\000i\000s\000k\000\040\000M\000e\000a\000s\000u\000r\000e\000m\000e\000n\000t\000:\000\040\000F\000o\000u\000n\000d\000a\000t\000i\000o\000n\000a\000l\000\040\000C\000o\000n\000c\000e\000p\000t\000s}{section.3}% 34
\BOOKMARK [3][-]{subsubsection.3.1.1}{\376\377\000S\000t\000r\000u\000c\000t\000u\000r\000a\000l\000\040\000M\000o\000d\000e\000l\000s}{subsection.3.1}% 35
\BOOKMARK [3][-]{subsubsection.3.1.2}{\376\377\000R\000e\000d\000u\000c\000e\000d\000-\000F\000o\000r\000m\000\040\000M\000o\000d\000e\000l\000s}{subsection.3.1}% 36
\BOOKMARK [2][-]{subsection.3.2}{\376\377\000C\000r\000e\000d\000i\000t\000\040\000M\000i\000g\000r\000a\000t\000i\000o\000n\000\040\000M\000a\000t\000r\000i\000c\000e\000s\000\040\000a\000n\000d\000\040\000M\000a\000r\000k\000o\000v\000\040\000C\000h\000a\000i\000n\000s}{section.3}% 37
\BOOKMARK [3][-]{subsubsection.3.2.1}{\376\377\000T\000h\000e\000\040\000M\000a\000r\000k\000o\000v\000\040\000P\000r\000o\000p\000e\000r\000t\000y\000\040\000i\000n\000\040\000C\000r\000e\000d\000i\000t\000\040\000R\000i\000s\000k}{subsection.3.2}% 38
\BOOKMARK [3][-]{subsubsection.3.2.2}{\376\377\000E\000s\000t\000i\000m\000a\000t\000i\000o\000n\000\040\000o\000f\000\040\000M\000i\000g\000r\000a\000t\000i\000o\000n\000\040\000M\000a\000t\000r\000i\000c\000e\000s}{subsection.3.2}% 39
\BOOKMARK [2][-]{subsection.3.3}{\376\377\000R\000e\000g\000i\000m\000e\000-\000S\000w\000i\000t\000c\000h\000i\000n\000g\000\040\000M\000o\000d\000e\000l\000s\000\040\000i\000n\000\040\000F\000i\000n\000a\000n\000c\000e}{section.3}% 40
\BOOKMARK [3][-]{subsubsection.3.3.1}{\376\377\000T\000h\000e\000\040\000H\000a\000m\000i\000l\000t\000o\000n\000\040\000M\000o\000d\000e\000l}{subsection.3.3}% 41
\BOOKMARK [3][-]{subsubsection.3.3.2}{\376\377\000E\000x\000t\000e\000n\000s\000i\000o\000n\000s\000\040\000t\000o\000\040\000C\000r\000e\000d\000i\000t\000\040\000R\000i\000s\000k}{subsection.3.3}% 42
\BOOKMARK [3][-]{subsubsection.3.3.3}{\376\377\000E\000x\000o\000g\000e\000n\000o\000u\000s\000\040\000v\000s\000.\000\040\000E\000n\000d\000o\000g\000e\000n\000o\000u\000s\000\040\000R\000e\000g\000i\000m\000e\000\040\000D\000e\000t\000e\000r\000m\000i\000n\000a\000t\000i\000o\000n}{subsection.3.3}% 43
\BOOKMARK [2][-]{subsection.3.4}{\376\377\000I\000F\000R\000S\000\040\0009\000\040\000E\000x\000p\000e\000c\000t\000e\000d\000\040\000C\000r\000e\000d\000i\000t\000\040\000L\000o\000s\000s\000\040\000F\000r\000a\000m\000e\000w\000o\000r\000k}{section.3}% 44
\BOOKMARK [3][-]{subsubsection.3.4.1}{\376\377\000T\000r\000a\000n\000s\000i\000t\000i\000o\000n\000\040\000f\000r\000o\000m\000\040\000I\000A\000S\000\040\0003\0009\000\040\000t\000o\000\040\000I\000F\000R\000S\000\040\0009}{subsection.3.4}% 45
\BOOKMARK [3][-]{subsubsection.3.4.2}{\376\377\000E\000C\000L\000\040\000C\000a\000l\000c\000u\000l\000a\000t\000i\000o\000n\000\040\000M\000e\000t\000h\000o\000d\000o\000l\000o\000g\000y}{subsection.3.4}% 46
\BOOKMARK [3][-]{subsubsection.3.4.3}{\376\377\000I\000n\000c\000o\000r\000p\000o\000r\000a\000t\000i\000n\000g\000\040\000F\000o\000r\000w\000a\000r\000d\000-\000L\000o\000o\000k\000i\000n\000g\000\040\000I\000n\000f\000o\000r\000m\000a\000t\000i\000o\000n}{subsection.3.4}% 47
\BOOKMARK [1][-]{section.4}{\376\377\000E\000m\000p\000i\000r\000i\000c\000a\000l\000\040\000L\000i\000t\000e\000r\000a\000t\000u\000r\000e}{}% 48
\BOOKMARK [2][-]{subsection.4.1}{\376\377\000C\000l\000i\000m\000a\000t\000e\000\040\000R\000i\000s\000k\000\040\000a\000n\000d\000\040\000C\000r\000e\000d\000i\000t\000\040\000P\000e\000r\000f\000o\000r\000m\000a\000n\000c\000e}{section.4}% 49
\BOOKMARK [3][-]{subsubsection.4.1.1}{\376\377\000G\000l\000o\000b\000a\000l\000\040\000E\000v\000i\000d\000e\000n\000c\000e\000\040\000o\000n\000\040\000C\000l\000i\000m\000a\000t\000e\000-\000C\000r\000e\000d\000i\000t\000\040\000L\000i\000n\000k\000a\000g\000e\000s}{subsection.4.1}% 50
\BOOKMARK [3][-]{subsubsection.4.1.2}{\376\377\000E\000v\000i\000d\000e\000n\000c\000e\000\040\000f\000r\000o\000m\000\040\000S\000u\000b\000-\000S\000a\000h\000a\000r\000a\000n\000\040\000A\000f\000r\000i\000c\000a}{subsection.4.1}% 51
\BOOKMARK [2][-]{subsection.4.2}{\376\377\000C\000r\000e\000d\000i\000t\000\040\000R\000i\000s\000k\000\040\000i\000n\000\040\000Z\000i\000m\000b\000a\000b\000w\000e\000a\000n\000\040\000F\000i\000n\000a\000n\000c\000i\000a\000l\000\040\000I\000n\000s\000t\000i\000t\000u\000t\000i\000o\000n\000s}{section.4}% 52
\BOOKMARK [3][-]{subsubsection.4.2.1}{\376\377\000M\000a\000c\000r\000o\000e\000c\000o\000n\000o\000m\000i\000c\000\040\000D\000e\000t\000e\000r\000m\000i\000n\000a\000n\000t\000s\000\040\000o\000f\000\040\000C\000r\000e\000d\000i\000t\000\040\000R\000i\000s\000k}{subsection.4.2}% 53
\BOOKMARK [3][-]{subsubsection.4.2.2}{\376\377\000M\000i\000c\000r\000o\000f\000i\000n\000a\000n\000c\000e\000\040\000S\000e\000c\000t\000o\000r\000\040\000D\000y\000n\000a\000m\000i\000c\000s}{subsection.4.2}% 54
\BOOKMARK [2][-]{subsection.4.3}{\376\377\000R\000e\000g\000i\000m\000e\000-\000S\000w\000i\000t\000c\000h\000i\000n\000g\000\040\000M\000o\000d\000e\000l\000s\000\040\000i\000n\000\040\000C\000r\000e\000d\000i\000t\000\040\000R\000i\000s\000k\000\040\000A\000p\000p\000l\000i\000c\000a\000t\000i\000o\000n\000s}{section.4}% 55
\BOOKMARK [3][-]{subsubsection.4.3.1}{\376\377\000E\000m\000p\000i\000r\000i\000c\000a\000l\000\040\000P\000e\000r\000f\000o\000r\000m\000a\000n\000c\000e\000\040\000o\000f\000\040\000R\000e\000g\000i\000m\000e\000-\000S\000w\000i\000t\000c\000h\000i\000n\000g\000\040\000C\000r\000e\000d\000i\000t\000\040\000M\000o\000d\000e\000l\000s}{subsection.4.3}% 56
\BOOKMARK [3][-]{subsubsection.4.3.2}{\376\377\000A\000p\000p\000l\000i\000c\000a\000t\000i\000o\000n\000s\000\040\000t\000o\000\040\000E\000m\000e\000r\000g\000i\000n\000g\000\040\000M\000a\000r\000k\000e\000t\000s}{subsection.4.3}% 57
\BOOKMARK [2][-]{subsection.4.4}{\376\377\000D\000r\000o\000u\000g\000h\000t\000\040\000I\000n\000d\000i\000c\000e\000s\000\040\000a\000n\000d\000\040\000A\000g\000r\000i\000c\000u\000l\000t\000u\000r\000a\000l\000\040\000C\000r\000e\000d\000i\000t\000\040\000R\000i\000s\000k}{section.4}% 58
\BOOKMARK [3][-]{subsubsection.4.4.1}{\376\377\000D\000r\000o\000u\000g\000h\000t\000\040\000I\000n\000d\000e\000x\000\040\000M\000e\000t\000h\000o\000d\000o\000l\000o\000g\000i\000e\000s}{subsection.4.4}% 59
\BOOKMARK [3][-]{subsubsection.4.4.2}{\376\377\000D\000r\000o\000u\000g\000h\000t\000\040\000I\000m\000p\000a\000c\000t\000s\000\040\000o\000n\000\040\000A\000g\000r\000i\000c\000u\000l\000t\000u\000r\000a\000l\000\040\000L\000e\000n\000d\000i\000n\000g}{subsection.4.4}% 60
\BOOKMARK [1][-]{section.5}{\376\377\000J\000u\000s\000t\000i\000f\000i\000c\000a\000t\000i\000o\000n\000\040\000o\000f\000\040\000t\000h\000e\000\040\000P\000r\000e\000s\000e\000n\000t\000\040\000S\000t\000u\000d\000y}{}% 61
\BOOKMARK [2][-]{subsection.5.1}{\376\377\000G\000a\000p\000\040\0001\000:\000\040\000A\000b\000s\000e\000n\000c\000e\000\040\000o\000f\000\040\000E\000x\000o\000g\000e\000n\000o\000u\000s\000\040\000C\000l\000i\000m\000a\000t\000e\000-\000C\000o\000n\000d\000i\000t\000i\000o\000n\000e\000d\000\040\000M\000i\000g\000r\000a\000t\000i\000o\000n\000\040\000M\000o\000d\000e\000l\000s}{section.5}% 62
\BOOKMARK [2][-]{subsection.5.2}{\376\377\000G\000a\000p\000\040\0002\000:\000\040\000L\000i\000m\000i\000t\000e\000d\000\040\000A\000p\000p\000l\000i\000c\000a\000t\000i\000o\000n\000\040\000t\000o\000\040\000A\000f\000r\000i\000c\000a\000n\000\040\000M\000i\000c\000r\000o\000f\000i\000n\000a\000n\000c\000e}{section.5}% 63
\BOOKMARK [2][-]{subsection.5.3}{\376\377\000G\000a\000p\000\040\0003\000:\000\040\000I\000F\000R\000S\000\040\0009\000\040\000C\000o\000m\000p\000l\000i\000a\000n\000c\000e\000\040\000G\000a\000p}{section.5}% 64
\BOOKMARK [2][-]{subsection.5.4}{\376\377\000G\000a\000p\000\040\0004\000:\000\040\000Z\000i\000m\000b\000a\000b\000w\000e\000a\000n\000\040\000C\000o\000n\000t\000e\000x\000t}{section.5}% 65
\BOOKMARK [1][-]{section.6}{\376\377\000C\000h\000a\000p\000t\000e\000r\000\040\000S\000u\000m\000m\000a\000r\000y}{}% 66
\BOOKMARK [1][-]{section.1}{\376\377\000O\000v\000e\000r\000v\000i\000e\000w\000\040\000o\000f\000\040\000M\000e\000t\000h\000o\000d\000o\000l\000o\000g\000y}{}% 67
\BOOKMARK [1][-]{section.2}{\376\377\000D\000a\000t\000a\000,\000\040\000S\000a\000m\000p\000l\000e\000,\000\040\000a\000n\000d\000\040\000P\000r\000e\000p\000r\000o\000c\000e\000s\000s\000i\000n\000g}{}% 68
\BOOKMARK [2][-]{subsection.2.1}{\376\377\000D\000a\000t\000a\000\040\000S\000o\000u\000r\000c\000e\000s}{section.2}% 69
\BOOKMARK [2][-]{subsection.2.2}{\376\377\000I\000n\000p\000u\000t\000\040\000D\000a\000t\000a\000\040\000S\000p\000e\000c\000i\000f\000i\000c\000a\000t\000i\000o\000n}{section.2}% 70
\BOOKMARK [2][-]{subsection.2.3}{\376\377\000D\000a\000t\000a\000\040\000P\000r\000o\000c\000e\000s\000s\000i\000n\000g\000\040\000f\000o\000r\000\040\000T\000r\000a\000n\000s\000i\000t\000i\000o\000n\000\040\000A\000n\000a\000l\000y\000s\000i\000s}{section.2}% 71
\BOOKMARK [1][-]{section.3}{\376\377\000M\000o\000d\000e\000l\000\040\000S\000p\000e\000c\000i\000f\000i\000c\000a\000t\000i\000o\000n}{}% 72
\BOOKMARK [2][-]{subsection.3.1}{\376\377\000C\000o\000n\000d\000i\000t\000i\000o\000n\000a\000l\000\040\000T\000r\000a\000n\000s\000i\000t\000i\000o\000n\000\040\000P\000r\000o\000b\000a\000b\000i\000l\000i\000t\000y}{section.3}% 73
\BOOKMARK [3][-]{subsubsection.3.1.1}{\376\377\000S\000p\000e\000c\000i\000f\000i\000c\000a\000t\000i\000o\000n\000\040\0001\000:\000\040\000P\000a\000r\000a\000m\000e\000t\000r\000i\000c\000\040\000L\000o\000g\000i\000s\000t\000i\000c\000\040\000L\000i\000n\000k}{subsection.3.1}% 74
\BOOKMARK [3][-]{subsubsection.3.1.2}{\376\377\000S\000p\000e\000c\000i\000f\000i\000c\000a\000t\000i\000o\000n\000\040\0002\000:\000\040\000T\000w\000o\000-\000R\000e\000g\000i\000m\000e\000\040\000M\000i\000x\000t\000u\000r\000e\000\040\000\050\000P\000r\000i\000m\000a\000r\000y\000\040\000M\000o\000d\000e\000l\000\051}{subsection.3.1}% 75
\BOOKMARK [2][-]{subsection.3.2}{\376\377\000O\000n\000e\000-\000P\000e\000r\000i\000o\000d\000\040\000P\000r\000o\000b\000a\000b\000i\000l\000i\000t\000y\000\040\000o\000f\000\040\000D\000e\000f\000a\000u\000l\000t\000\040\000\050\000P\000D\000\051}{section.3}% 76
\BOOKMARK [2][-]{subsection.3.3}{\376\377\000M\000u\000l\000t\000i\000-\000P\000e\000r\000i\000o\000d\000\040\000T\000r\000a\000n\000s\000i\000t\000i\000o\000n\000s}{section.3}% 77
\BOOKMARK [1][-]{section.4}{\376\377\000M\000a\000x\000i\000m\000u\000m\000\040\000L\000i\000k\000e\000l\000i\000h\000o\000o\000d\000\040\000E\000s\000t\000i\000m\000a\000t\000i\000o\000n\000\040\000\050\000M\000L\000E\000\051}{}% 78
\BOOKMARK [2][-]{subsection.4.1}{\376\377\000L\000o\000g\000-\000L\000i\000k\000e\000l\000i\000h\000o\000o\000d\000\040\000F\000u\000n\000c\000t\000i\000o\000n}{section.4}% 79
\BOOKMARK [2][-]{subsection.4.2}{\376\377\000P\000a\000r\000a\000m\000e\000t\000e\000r\000i\000z\000a\000t\000i\000o\000n\000\040\000a\000n\000d\000\040\000C\000o\000n\000s\000t\000r\000a\000i\000n\000t\000s}{section.4}% 80
\BOOKMARK [3][-]{subsubsection.4.2.1}{\376\377\000A\000b\000s\000o\000r\000b\000i\000n\000g\000\040\000D\000e\000f\000a\000u\000l\000t\000\040\000S\000t\000a\000t\000e\000\040\000C\000o\000n\000s\000t\000r\000a\000i\000n\000t}{subsection.4.2}% 81
\BOOKMARK [3][-]{subsubsection.4.2.2}{\376\377\000S\000o\000f\000t\000m\000a\000x\000\040\000R\000e\000p\000a\000r\000a\000m\000e\000t\000e\000r\000i\000z\000a\000t\000i\000o\000n}{subsection.4.2}% 82
\BOOKMARK [3][-]{subsubsection.4.2.3}{\376\377\000B\000a\000y\000e\000s\000i\000a\000n\000\040\000R\000e\000g\000u\000l\000a\000r\000i\000z\000a\000t\000i\000o\000n\000\040\000f\000o\000r\000\040\000D\000a\000t\000a\000\040\000S\000p\000a\000r\000s\000i\000t\000y}{subsection.4.2}% 83
\BOOKMARK [2][-]{subsection.4.3}{\376\377\000O\000p\000t\000i\000m\000i\000z\000a\000t\000i\000o\000n\000\040\000A\000l\000g\000o\000r\000i\000t\000h\000m}{section.4}% 84
\BOOKMARK [1][-]{section.5}{\376\377\000I\000n\000f\000e\000r\000e\000n\000c\000e\000\040\000a\000n\000d\000\040\000S\000t\000a\000n\000d\000a\000r\000d\000\040\000E\000r\000r\000o\000r\000s}{}% 85
\BOOKMARK [2][-]{subsection.5.1}{\376\377\000O\000b\000s\000e\000r\000v\000e\000d\000\040\000I\000n\000f\000o\000r\000m\000a\000t\000i\000o\000n\000\040\000M\000a\000t\000r\000i\000x}{section.5}% 86
\BOOKMARK [2][-]{subsection.5.2}{\376\377\000N\000o\000n\000-\000P\000a\000r\000a\000m\000e\000t\000r\000i\000c\000\040\000B\000o\000o\000t\000s\000t\000r\000a\000p\000\040\000\050\000R\000e\000c\000o\000m\000m\000e\000n\000d\000e\000d\000\051}{section.5}% 87
\BOOKMARK [1][-]{section.6}{\376\377\000M\000o\000d\000e\000l\000\040\000C\000o\000m\000p\000a\000r\000i\000s\000o\000n\000\040\000a\000n\000d\000\040\000H\000y\000p\000o\000t\000h\000e\000s\000i\000s\000\040\000T\000e\000s\000t\000i\000n\000g}{}% 88
\BOOKMARK [2][-]{subsection.6.1}{\376\377\000L\000i\000k\000e\000l\000i\000h\000o\000o\000d\000\040\000R\000a\000t\000i\000o\000\040\000T\000e\000s\000t\000\040\000\050\000L\000R\000T\000\051}{section.6}% 89
\BOOKMARK [2][-]{subsection.6.2}{\376\377\000I\000n\000f\000o\000r\000m\000a\000t\000i\000o\000n\000\040\000C\000r\000i\000t\000e\000r\000i\000a}{section.6}% 90
\BOOKMARK [2][-]{subsection.6.3}{\376\377\000O\000u\000t\000-\000o\000f\000-\000S\000a\000m\000p\000l\000e\000\040\000V\000a\000l\000i\000d\000a\000t\000i\000o\000n}{section.6}% 91
\BOOKMARK [1][-]{section.7}{\376\377\000M\000e\000a\000s\000u\000r\000i\000n\000g\000\040\000M\000i\000g\000r\000a\000t\000i\000o\000n\000\040\000D\000i\000f\000f\000e\000r\000e\000n\000c\000e\000s\000\040\000\050\000S\000V\000D\000M\000\040\000\046\000\040\000M\000o\000b\000i\000l\000i\000t\000y\000\040\000M\000e\000t\000r\000i\000c\000s\000\051}{}% 92
\BOOKMARK [2][-]{subsection.7.1}{\376\377\000S\000i\000n\000g\000u\000l\000a\000r\000\040\000V\000a\000l\000u\000e\000\040\000D\000e\000c\000o\000m\000p\000o\000s\000i\000t\000i\000o\000n\000\040\000M\000e\000t\000r\000i\000c\000\040\000\050\000S\000V\000D\000M\000\051}{section.7}% 93
\BOOKMARK [2][-]{subsection.7.2}{\376\377\000B\000o\000o\000t\000s\000t\000r\000a\000p\000\040\000C\000o\000n\000f\000i\000d\000e\000n\000c\000e\000\040\000I\000n\000t\000e\000r\000v\000a\000l\000\040\000f\000o\000r\000\040\000S\000V\000D\000M}{section.7}% 94
\BOOKMARK [1][-]{section.8}{\376\377\000E\000x\000p\000e\000c\000t\000e\000d\000\040\000C\000r\000e\000d\000i\000t\000\040\000L\000o\000s\000s\000\040\000\050\000E\000C\000L\000\051\000\040\000C\000a\000l\000c\000u\000l\000a\000t\000i\000o\000n\000\040\000\050\000I\000F\000R\000S\000\040\0009\000\040\000A\000l\000i\000g\000n\000m\000e\000n\000t\000\051}{}% 95
\BOOKMARK [2][-]{subsection.8.1}{\376\377\000E\000C\000L\000\040\000F\000o\000r\000m\000u\000l\000a}{section.8}% 96
\BOOKMARK [2][-]{subsection.8.2}{\376\377\000W\000o\000r\000k\000e\000d\000\040\000E\000x\000a\000m\000p\000l\000e}{section.8}% 97
\BOOKMARK [1][-]{section.9}{\376\377\000F\000o\000r\000e\000c\000a\000s\000t\000i\000n\000g\000\040\000R\000e\000g\000i\000m\000e\000s\000\040\000a\000n\000d\000\040\000S\000c\000e\000n\000a\000r\000i\000o\000\040\000A\000n\000a\000l\000y\000s\000i\000s}{}% 98
\BOOKMARK [2][-]{subsection.9.1}{\376\377\000S\000c\000e\000n\000a\000r\000i\000o\000\040\000G\000e\000n\000e\000r\000a\000t\000i\000o\000n\000\040\000M\000e\000t\000h\000o\000d\000s}{section.9}% 99
\BOOKMARK [2][-]{subsection.9.2}{\376\377\000S\000c\000e\000n\000a\000r\000i\000o\000\040\000E\000C\000L\000\040\000C\000o\000m\000p\000a\000r\000i\000s\000o\000n}{section.9}% 100
\BOOKMARK [1][-]{section.10}{\376\377\000M\000o\000d\000e\000l\000\040\000V\000a\000l\000i\000d\000a\000t\000i\000o\000n\000,\000\040\000B\000a\000c\000k\000t\000e\000s\000t\000i\000n\000g\000\040\000a\000n\000d\000\040\000R\000o\000b\000u\000s\000t\000n\000e\000s\000s\000\040\000C\000h\000e\000c\000k\000s}{}% 101
\BOOKMARK [2][-]{subsection.10.1}{\376\377\000O\000u\000t\000-\000o\000f\000-\000S\000a\000m\000p\000l\000e\000\040\000B\000a\000c\000k\000t\000e\000s\000t\000i\000n\000g\000\040\000P\000r\000o\000c\000e\000d\000u\000r\000e}{section.10}% 102
\BOOKMARK [2][-]{subsection.10.2}{\376\377\000P\000e\000r\000f\000o\000r\000m\000a\000n\000c\000e\000\040\000M\000e\000t\000r\000i\000c\000s}{section.10}% 103
\BOOKMARK [2][-]{subsection.10.3}{\376\377\000R\000o\000b\000u\000s\000t\000n\000e\000s\000s\000\040\000C\000h\000e\000c\000k\000s}{section.10}% 104
\BOOKMARK [1][-]{section.11}{\376\377\000I\000m\000p\000l\000e\000m\000e\000n\000t\000a\000t\000i\000o\000n\000\040\000N\000o\000t\000e\000s\000,\000\040\000A\000s\000s\000u\000m\000p\000t\000i\000o\000n\000s\000,\000\040\000a\000n\000d\000\040\000L\000i\000m\000i\000t\000a\000t\000i\000o\000n\000s}{}% 105
\BOOKMARK [2][-]{subsection.11.1}{\376\377\000K\000e\000y\000\040\000A\000s\000s\000u\000m\000p\000t\000i\000o\000n\000s}{section.11}% 106
\BOOKMARK [2][-]{subsection.11.2}{\376\377\000L\000i\000m\000i\000t\000a\000t\000i\000o\000n\000s\000\040\000a\000n\000d\000\040\000M\000i\000t\000i\000g\000a\000t\000i\000o\000n\000s}{section.11}% 107
\BOOKMARK [1][-]{section.12}{\376\377\000D\000e\000l\000i\000v\000e\000r\000a\000b\000l\000e\000s\000\040\000\046\000\040\000R\000e\000p\000r\000o\000d\000u\000c\000i\000b\000i\000l\000i\000t\000y\000\040\000C\000h\000e\000c\000k\000l\000i\000s\000t}{}% 108
\BOOKMARK [2][-]{subsection.12.1}{\376\377\000R\000e\000q\000u\000i\000r\000e\000d\000\040\000O\000u\000t\000p\000u\000t\000s}{section.12}% 109
\BOOKMARK [2][-]{subsection.12.2}{\376\377\000F\000o\000l\000d\000e\000r\000\040\000S\000t\000r\000u\000c\000t\000u\000r\000e}{section.12}% 110
\BOOKMARK [2][-]{subsection.12.3}{\376\377\000I\000m\000p\000l\000e\000m\000e\000n\000t\000a\000t\000i\000o\000n\000\040\000C\000h\000e\000c\000k\000l\000i\000s\000t}{section.12}% 111
\BOOKMARK [1][-]{section.13}{\376\377\000S\000u\000m\000m\000a\000r\000y}{}% 112
\BOOKMARK [1][-]{section.1}{\376\377\000I\000n\000t\000r\000o\000d\000u\000c\000t\000i\000o\000n}{}% 113
\BOOKMARK [1][-]{section.2}{\376\377\000D\000a\000t\000a\000\040\000D\000e\000s\000c\000r\000i\000p\000t\000i\000o\000n\000\040\000a\000n\000d\000\040\000D\000e\000s\000c\000r\000i\000p\000t\000i\000v\000e\000\040\000S\000t\000a\000t\000i\000s\000t\000i\000c\000s}{}% 114
\BOOKMARK [2][-]{subsection.2.1}{\376\377\000D\000a\000t\000a\000s\000e\000t\000\040\000O\000v\000e\000r\000v\000i\000e\000w}{section.2}% 115
\BOOKMARK [2][-]{subsection.2.2}{\376\377\000C\000r\000e\000d\000i\000t\000\040\000R\000a\000t\000i\000n\000g\000\040\000D\000i\000s\000t\000r\000i\000b\000u\000t\000i\000o\000n}{section.2}% 116
\BOOKMARK [2][-]{subsection.2.3}{\376\377\000S\000P\000E\000I\000\040\000D\000e\000s\000c\000r\000i\000p\000t\000i\000v\000e\000\040\000S\000t\000a\000t\000i\000s\000t\000i\000c\000s}{section.2}% 117
\BOOKMARK [2][-]{subsection.2.4}{\376\377\000L\000o\000a\000n\000\040\000P\000o\000r\000t\000f\000o\000l\000i\000o\000\040\000S\000t\000a\000t\000i\000s\000t\000i\000c\000s}{section.2}% 118
\BOOKMARK [1][-]{section.3}{\376\377\000R\000e\000g\000i\000m\000e\000\040\000C\000l\000a\000s\000s\000i\000f\000i\000c\000a\000t\000i\000o\000n\000\040\000a\000n\000d\000\040\000S\000P\000E\000I\000\040\000A\000n\000a\000l\000y\000s\000i\000s}{}% 119
\BOOKMARK [2][-]{subsection.3.1}{\376\377\000H\000a\000r\000d\000-\000T\000h\000r\000e\000s\000h\000o\000l\000d\000\040\000R\000e\000g\000i\000m\000e\000\040\000C\000l\000a\000s\000s\000i\000f\000i\000c\000a\000t\000i\000o\000n}{section.3}% 120
\BOOKMARK [2][-]{subsection.3.2}{\376\377\000I\000d\000e\000n\000t\000i\000f\000i\000e\000d\000\040\000D\000r\000o\000u\000g\000h\000t\000\040\000E\000p\000i\000s\000o\000d\000e\000s}{section.3}% 121
\BOOKMARK [1][-]{section.4}{\376\377\000C\000r\000e\000d\000i\000t\000\040\000M\000i\000g\000r\000a\000t\000i\000o\000n\000\040\000M\000a\000t\000r\000i\000x\000\040\000E\000s\000t\000i\000m\000a\000t\000i\000o\000n}{}% 122
\BOOKMARK [2][-]{subsection.4.1}{\376\377\000T\000r\000a\000n\000s\000i\000t\000i\000o\000n\000\040\000C\000o\000u\000n\000t\000\040\000M\000a\000t\000r\000i\000c\000e\000s}{section.4}% 123
\BOOKMARK [2][-]{subsection.4.2}{\376\377\000E\000s\000t\000i\000m\000a\000t\000e\000d\000\040\000M\000i\000g\000r\000a\000t\000i\000o\000n\000\040\000M\000a\000t\000r\000i\000c\000e\000s}{section.4}% 124
\BOOKMARK [2][-]{subsection.4.3}{\376\377\000C\000o\000m\000p\000a\000r\000a\000t\000i\000v\000e\000\040\000A\000n\000a\000l\000y\000s\000i\000s\000\040\000o\000f\000\040\000M\000i\000g\000r\000a\000t\000i\000o\000n\000\040\000M\000a\000t\000r\000i\000c\000e\000s}{section.4}% 125
\BOOKMARK [2][-]{subsection.4.4}{\376\377\000R\000e\000g\000i\000m\000e\000-\000S\000w\000i\000t\000c\000h\000i\000n\000g\000\040\000P\000a\000r\000a\000m\000e\000t\000e\000r\000s}{section.4}% 126
\BOOKMARK [1][-]{section.5}{\376\377\000M\000o\000d\000e\000l\000\040\000C\000o\000m\000p\000a\000r\000i\000s\000o\000n\000\040\000a\000n\000d\000\040\000H\000y\000p\000o\000t\000h\000e\000s\000i\000s\000\040\000T\000e\000s\000t\000i\000n\000g}{}% 127
\BOOKMARK [2][-]{subsection.5.1}{\376\377\000L\000i\000k\000e\000l\000i\000h\000o\000o\000d\000\040\000R\000a\000t\000i\000o\000\040\000T\000e\000s\000t}{section.5}% 128
\BOOKMARK [2][-]{subsection.5.2}{\376\377\000I\000n\000f\000o\000r\000m\000a\000t\000i\000o\000n\000\040\000C\000r\000i\000t\000e\000r\000i\000a}{section.5}% 129
\BOOKMARK [1][-]{section.6}{\376\377\000S\000V\000D\000M\000\040\000a\000n\000d\000\040\000M\000i\000g\000r\000a\000t\000i\000o\000n\000\040\000D\000i\000v\000e\000r\000g\000e\000n\000c\000e\000\040\000A\000n\000a\000l\000y\000s\000i\000s}{}% 130
\BOOKMARK [2][-]{subsection.6.1}{\376\377\000S\000i\000n\000g\000u\000l\000a\000r\000\040\000V\000a\000l\000u\000e\000\040\000D\000e\000c\000o\000m\000p\000o\000s\000i\000t\000i\000o\000n\000\040\000M\000e\000t\000r\000i\000c}{section.6}% 131
\BOOKMARK [1][-]{section.7}{\376\377\000E\000x\000p\000e\000c\000t\000e\000d\000\040\000C\000r\000e\000d\000i\000t\000\040\000L\000o\000s\000s\000\040\000E\000s\000t\000i\000m\000a\000t\000i\000o\000n}{}% 132
\BOOKMARK [2][-]{subsection.7.1}{\376\377\000C\000u\000r\000r\000e\000n\000t\000\040\000P\000o\000r\000t\000f\000o\000l\000i\000o\000\040\000E\000C\000L}{section.7}% 133
\BOOKMARK [2][-]{subsection.7.2}{\376\377\000S\000c\000e\000n\000a\000r\000i\000o\000\040\000E\000C\000L\000\040\000A\000n\000a\000l\000y\000s\000i\000s}{section.7}% 134
\BOOKMARK [2][-]{subsection.7.3}{\376\377\000S\000t\000a\000t\000i\000c\000\040\000M\000o\000d\000e\000l\000\040\000C\000o\000m\000p\000a\000r\000i\000s\000o\000n}{section.7}% 135
\BOOKMARK [1][-]{section.8}{\376\377\000M\000o\000d\000e\000l\000\040\000V\000a\000l\000i\000d\000a\000t\000i\000o\000n\000\040\000a\000n\000d\000\040\000B\000a\000c\000k\000t\000e\000s\000t\000i\000n\000g}{}% 136
\BOOKMARK [2][-]{subsection.8.1}{\376\377\000O\000u\000t\000-\000o\000f\000-\000S\000a\000m\000p\000l\000e\000\040\000B\000a\000c\000k\000t\000e\000s\000t\000i\000n\000g\000\040\000R\000e\000s\000u\000l\000t\000s}{section.8}% 137
\BOOKMARK [2][-]{subsection.8.2}{\376\377\000C\000a\000l\000i\000b\000r\000a\000t\000i\000o\000n\000\040\000A\000n\000a\000l\000y\000s\000i\000s}{section.8}% 138
\BOOKMARK [1][-]{section.9}{\376\377\000R\000o\000b\000u\000s\000t\000n\000e\000s\000s\000\040\000C\000h\000e\000c\000k\000s}{}% 139
\BOOKMARK [1][-]{section.10}{\376\377\000R\000e\000s\000e\000a\000r\000c\000h\000\040\000H\000y\000p\000o\000t\000h\000e\000s\000i\000s\000\040\000A\000s\000s\000e\000s\000s\000m\000e\000n\000t}{}% 140
\BOOKMARK [1][-]{section.11}{\376\377\000C\000h\000a\000p\000t\000e\000r\000\040\000S\000u\000m\000m\000a\000r\000y}{}% 141
\BOOKMARK [1][-]{section.1}{\376\377\000I\000n\000t\000r\000o\000d\000u\000c\000t\000i\000o\000n}{}% 142
\BOOKMARK [1][-]{section.2}{\376\377\000S\000u\000m\000m\000a\000r\000y\000\040\000o\000f\000\040\000R\000e\000s\000e\000a\000r\000c\000h\000\040\000F\000i\000n\000d\000i\000n\000g\000s}{}% 143
\BOOKMARK [2][-]{subsection.2.1}{\376\377\000O\000b\000j\000e\000c\000t\000i\000v\000e\000\040\0001\000:\000\040\000R\000e\000g\000i\000m\000e\000\040\000C\000l\000a\000s\000s\000i\000f\000i\000c\000a\000t\000i\000o\000n}{section.2}% 144
\BOOKMARK [2][-]{subsection.2.2}{\376\377\000O\000b\000j\000e\000c\000t\000i\000v\000e\000\040\0002\000:\000\040\000M\000a\000t\000r\000i\000x\000\040\000E\000s\000t\000i\000m\000a\000t\000i\000o\000n}{section.2}% 145
\BOOKMARK [2][-]{subsection.2.3}{\376\377\000O\000b\000j\000e\000c\000t\000i\000v\000e\000\040\0003\000:\000\040\000M\000o\000d\000e\000l\000\040\000V\000a\000l\000i\000d\000a\000t\000i\000o\000n}{section.2}% 146
\BOOKMARK [2][-]{subsection.2.4}{\376\377\000O\000b\000j\000e\000c\000t\000i\000v\000e\000\040\0004\000:\000\040\000R\000i\000s\000k\000\040\000F\000o\000r\000e\000c\000a\000s\000t\000i\000n\000g}{section.2}% 147
\BOOKMARK [1][-]{section.3}{\376\377\000C\000o\000n\000c\000l\000u\000s\000i\000o\000n\000s}{}% 148
\BOOKMARK [2][-]{subsection.3.1}{\376\377\000T\000h\000e\000\040\000F\000u\000n\000d\000a\000m\000e\000n\000t\000a\000l\000\040\000I\000n\000a\000d\000e\000q\000u\000a\000c\000y\000\040\000o\000f\000\040\000T\000i\000m\000e\000-\000H\000o\000m\000o\000g\000e\000n\000e\000o\000u\000s\000\040\000M\000o\000d\000e\000l\000s}{section.3}% 149
\BOOKMARK [2][-]{subsection.3.2}{\376\377\000T\000h\000e\000\040\000S\000P\000E\000I\000\040\000a\000s\000\040\000a\000\040\000V\000i\000a\000b\000l\000e\000\040\000C\000l\000i\000m\000a\000t\000e\000-\000C\000r\000e\000d\000i\000t\000\040\000L\000i\000n\000k\000a\000g\000e\000\040\000V\000a\000r\000i\000a\000b\000l\000e}{section.3}% 150
\BOOKMARK [2][-]{subsection.3.3}{\376\377\000O\000u\000t\000-\000o\000f\000-\000S\000a\000m\000p\000l\000e\000\040\000F\000o\000r\000e\000c\000a\000s\000t\000i\000n\000g\000\040\000S\000u\000p\000e\000r\000i\000o\000r\000i\000t\000y}{section.3}% 151
\BOOKMARK [2][-]{subsection.3.4}{\376\377\000C\000l\000i\000m\000a\000t\000e\000\040\000R\000i\000s\000k\000\040\000a\000s\000\040\000a\000\040\000S\000y\000s\000t\000e\000m\000i\000c\000,\000\040\000Q\000u\000a\000n\000t\000i\000f\000i\000a\000b\000l\000e\000\040\000F\000i\000n\000a\000n\000c\000i\000a\000l\000\040\000R\000i\000s\000k}{section.3}% 152
\BOOKMARK [1][-]{section.4}{\376\377\000L\000i\000m\000i\000t\000a\000t\000i\000o\000n\000s\000\040\000o\000f\000\040\000t\000h\000e\000\040\000S\000t\000u\000d\000y}{}% 153
\BOOKMARK [1][-]{section.5}{\376\377\000R\000e\000c\000o\000m\000m\000e\000n\000d\000a\000t\000i\000o\000n\000s}{}% 154
\BOOKMARK [2][-]{subsection.5.1}{\376\377\000R\000e\000c\000o\000m\000m\000e\000n\000d\000a\000t\000i\000o\000n\000s\000\040\000f\000o\000r\000\040\000M\000i\000c\000r\000o\000f\000i\000n\000a\000n\000c\000e\000\040\000I\000n\000s\000t\000i\000t\000u\000t\000i\000o\000n\000s}{section.5}% 155
\BOOKMARK [2][-]{subsection.5.2}{\376\377\000R\000e\000c\000o\000m\000m\000e\000n\000d\000a\000t\000i\000o\000n\000s\000\040\000f\000o\000r\000\040\000t\000h\000e\000\040\000R\000e\000s\000e\000r\000v\000e\000\040\000B\000a\000n\000k\000\040\000o\000f\000\040\000Z\000i\000m\000b\000a\000b\000w\000e}{section.5}% 156
\BOOKMARK [2][-]{subsection.5.3}{\376\377\000R\000e\000c\000o\000m\000m\000e\000n\000d\000a\000t\000i\000o\000n\000s\000\040\000f\000o\000r\000\040\000A\000c\000a\000d\000e\000m\000i\000c\000\040\000R\000e\000s\000e\000a\000r\000c\000h\000e\000r\000s}{section.5}% 157
\BOOKMARK [1][-]{section.6}{\376\377\000S\000u\000g\000g\000e\000s\000t\000i\000o\000n\000s\000\040\000f\000o\000r\000\040\000F\000u\000t\000u\000r\000e\000\040\000R\000e\000s\000e\000a\000r\000c\000h}{}% 158
\BOOKMARK [1][-]{section.7}{\376\377\000C\000h\000a\000p\000t\000e\000r\000\040\000S\000u\000m\000m\000a\000r\000y}{}% 159
\BOOKMARK [1][-]{section.7}{\376\377\000A\000p\000p\000e\000n\000d\000i\000c\000e\000s}{}% 160
\BOOKMARK [1][-]{appendix.A}{\376\377\000M\000L\000E\000\040\000O\000p\000t\000i\000m\000i\000z\000a\000t\000i\000o\000n\000\040\000A\000l\000g\000o\000r\000i\000t\000h\000m}{}% 161
\BOOKMARK [1][-]{appendix.B}{\376\377\000N\000o\000n\000-\000P\000a\000r\000a\000m\000e\000t\000r\000i\000c\000\040\000B\000o\000o\000t\000s\000t\000r\000a\000p\000\040\000I\000n\000f\000e\000r\000e\000n\000c\000e\000\040\000P\000r\000o\000c\000e\000d\000u\000r\000e}{}% 162
\BOOKMARK [1][-]{appendix.C}{\376\377\000S\000V\000D\000M\000\040\000C\000a\000l\000c\000u\000l\000a\000t\000i\000o\000n\000\040\000a\000n\000d\000\040\000B\000o\000o\000t\000s\000t\000r\000a\000p\000\040\000C\000o\000n\000f\000i\000d\000e\000n\000c\000e\000\040\000I\000n\000t\000e\000r\000v\000a\000l}{}% 163
\BOOKMARK [1][-]{appendix.D}{\376\377\000P\000r\000o\000b\000a\000b\000i\000l\000i\000s\000t\000i\000c\000\040\000S\000c\000e\000n\000a\000r\000i\000o\000\040\000S\000i\000m\000u\000l\000a\000t\000i\000o\000n\000\040\000A\000l\000g\000o\000r\000i\000t\000h\000m}{}% 164
\BOOKMARK [1][-]{appendix.E}{\376\377\000O\000u\000t\000-\000o\000f\000-\000S\000a\000m\000p\000l\000e\000\040\000B\000a\000c\000k\000t\000e\000s\000t\000i\000n\000g\000\040\000A\000l\000g\000o\000r\000i\000t\000h\000m}{}% 165
\BOOKMARK [2][-]{Item.87}{\376\377\000A\000p\000p\000e\000n\000d\000i\000x\000\040\000F\000:\000\040\000F\000o\000l\000d\000e\000r\000\040\000S\000t\000r\000u\000c\000t\000u\000r\000e}{appendix.E}% 166
\BOOKMARK [1][-]{Item.87}{\376\377\000R\000e\000f\000e\000r\000e\000n\000c\000e\000s}{}% 167
